// Jest Snapshot v1, https://goo.gl/fbAQLP

exports[`board should render correctly with boardData 1`] = `
<div
  className="board"
>
  <Row
    key="0"
    rowData={
      Array [
        0,
        0,
        0,
      ]
    }
    rowId={0}
  />
  <Row
    key="1"
    rowData={
      Array [
        1,
        0,
        1,
      ]
    }
    rowId={1}
  />
  <Row
    key="2"
    rowData={
      Array [
        0,
        1,
        0,
      ]
    }
    rowId={2}
  />
</div>
`;

exports[`board should render correctly with empty boardData 1`] = `
<div
  className="board"
/>
`;
