// Jest Snapshot v1, https://goo.gl/fbAQLP

exports[`row should render correctly 1`] = `
<div
  className="row"
>
  <Cell
    colId={0}
    key="0"
    rowId={5}
    value={0}
  />
  <Cell
    colId={1}
    key="1"
    rowId={5}
    value={0}
  />
  <Cell
    colId={2}
    key="2"
    rowId={5}
    value={1}
  />
  <Cell
    colId={3}
    key="3"
    rowId={5}
    value={1}
  />
</div>
`;
