// Jest Snapshot v1, https://goo.gl/fbAQLP

exports[`Slider should render correctly 1`] = `
<div
  className="slider"
>
  <div>
    <label
      className="slider__title"
      htmlFor="speed"
    >
      Speed
    </label>
  </div>
  <div>
    <span
      className="slider__text"
    >
      Min
    </span>
    <input
      max="50"
      min="2"
      name="speed"
      type="range"
    />
    <span
      className="slider__text"
    >
      Max
    </span>
  </div>
</div>
`;
